Archive member included to satisfy reference by file (symbol)

d:/microship_studio/7.0/toolchain/avr8/avr8-gnu-toolchain/bin/../lib/gcc/avr/5.4.0/../../../../avr/lib/avr5\libm.a(addsf3.o)
                              MCAL/TIMER0/timer0.o (__subsf3)
d:/microship_studio/7.0/toolchain/avr8/avr8-gnu-toolchain/bin/../lib/gcc/avr/5.4.0/../../../../avr/lib/avr5\libm.a(addsf3x.o)
                              d:/microship_studio/7.0/toolchain/avr8/avr8-gnu-toolchain/bin/../lib/gcc/avr/5.4.0/../../../../avr/lib/avr5\libm.a(addsf3.o) (__addsf3x)
d:/microship_studio/7.0/toolchain/avr8/avr8-gnu-toolchain/bin/../lib/gcc/avr/5.4.0/../../../../avr/lib/avr5\libm.a(ceil.o)
                              MCAL/TIMER0/timer0.o (ceil)
d:/microship_studio/7.0/toolchain/avr8/avr8-gnu-toolchain/bin/../lib/gcc/avr/5.4.0/../../../../avr/lib/avr5\libm.a(cmpsf2.o)
                              MCAL/TIMER0/timer0.o (__eqsf2)
d:/microship_studio/7.0/toolchain/avr8/avr8-gnu-toolchain/bin/../lib/gcc/avr/5.4.0/../../../../avr/lib/avr5\libm.a(divsf3.o)
                              MCAL/TIMER0/timer0.o (__divsf3)
d:/microship_studio/7.0/toolchain/avr8/avr8-gnu-toolchain/bin/../lib/gcc/avr/5.4.0/../../../../avr/lib/avr5\libm.a(divsf3x.o)
                              d:/microship_studio/7.0/toolchain/avr8/avr8-gnu-toolchain/bin/../lib/gcc/avr/5.4.0/../../../../avr/lib/avr5\libm.a(divsf3.o) (__divsf3x)
d:/microship_studio/7.0/toolchain/avr8/avr8-gnu-toolchain/bin/../lib/gcc/avr/5.4.0/../../../../avr/lib/avr5\libm.a(fixunssfsi.o)
                              MCAL/TIMER0/timer0.o (__fixunssfsi)
d:/microship_studio/7.0/toolchain/avr8/avr8-gnu-toolchain/bin/../lib/gcc/avr/5.4.0/../../../../avr/lib/avr5\libm.a(floatsisf.o)
                              MCAL/TIMER0/timer0.o (__floatunsisf)
d:/microship_studio/7.0/toolchain/avr8/avr8-gnu-toolchain/bin/../lib/gcc/avr/5.4.0/../../../../avr/lib/avr5\libm.a(fp_cmp.o)
                              d:/microship_studio/7.0/toolchain/avr8/avr8-gnu-toolchain/bin/../lib/gcc/avr/5.4.0/../../../../avr/lib/avr5\libm.a(cmpsf2.o) (__fp_cmp)
d:/microship_studio/7.0/toolchain/avr8/avr8-gnu-toolchain/bin/../lib/gcc/avr/5.4.0/../../../../avr/lib/avr5\libm.a(fp_inf.o)
                              d:/microship_studio/7.0/toolchain/avr8/avr8-gnu-toolchain/bin/../lib/gcc/avr/5.4.0/../../../../avr/lib/avr5\libm.a(addsf3x.o) (__fp_inf)
d:/microship_studio/7.0/toolchain/avr8/avr8-gnu-toolchain/bin/../lib/gcc/avr/5.4.0/../../../../avr/lib/avr5\libm.a(fp_mintl.o)
                              d:/microship_studio/7.0/toolchain/avr8/avr8-gnu-toolchain/bin/../lib/gcc/avr/5.4.0/../../../../avr/lib/avr5\libm.a(ceil.o) (__fp_mintl)
d:/microship_studio/7.0/toolchain/avr8/avr8-gnu-toolchain/bin/../lib/gcc/avr/5.4.0/../../../../avr/lib/avr5\libm.a(fp_mpack.o)
                              d:/microship_studio/7.0/toolchain/avr8/avr8-gnu-toolchain/bin/../lib/gcc/avr/5.4.0/../../../../avr/lib/avr5\libm.a(ceil.o) (__fp_mpack)
d:/microship_studio/7.0/toolchain/avr8/avr8-gnu-toolchain/bin/../lib/gcc/avr/5.4.0/../../../../avr/lib/avr5\libm.a(fp_nan.o)
                              d:/microship_studio/7.0/toolchain/avr8/avr8-gnu-toolchain/bin/../lib/gcc/avr/5.4.0/../../../../avr/lib/avr5\libm.a(addsf3x.o) (__fp_nan)
d:/microship_studio/7.0/toolchain/avr8/avr8-gnu-toolchain/bin/../lib/gcc/avr/5.4.0/../../../../avr/lib/avr5\libm.a(fp_pscA.o)
                              d:/microship_studio/7.0/toolchain/avr8/avr8-gnu-toolchain/bin/../lib/gcc/avr/5.4.0/../../../../avr/lib/avr5\libm.a(addsf3x.o) (__fp_pscA)
d:/microship_studio/7.0/toolchain/avr8/avr8-gnu-toolchain/bin/../lib/gcc/avr/5.4.0/../../../../avr/lib/avr5\libm.a(fp_pscB.o)
                              d:/microship_studio/7.0/toolchain/avr8/avr8-gnu-toolchain/bin/../lib/gcc/avr/5.4.0/../../../../avr/lib/avr5\libm.a(addsf3x.o) (__fp_pscB)
d:/microship_studio/7.0/toolchain/avr8/avr8-gnu-toolchain/bin/../lib/gcc/avr/5.4.0/../../../../avr/lib/avr5\libm.a(fp_round.o)
                              d:/microship_studio/7.0/toolchain/avr8/avr8-gnu-toolchain/bin/../lib/gcc/avr/5.4.0/../../../../avr/lib/avr5\libm.a(addsf3.o) (__fp_round)
d:/microship_studio/7.0/toolchain/avr8/avr8-gnu-toolchain/bin/../lib/gcc/avr/5.4.0/../../../../avr/lib/avr5\libm.a(fp_split3.o)
                              d:/microship_studio/7.0/toolchain/avr8/avr8-gnu-toolchain/bin/../lib/gcc/avr/5.4.0/../../../../avr/lib/avr5\libm.a(addsf3x.o) (__fp_split3)
d:/microship_studio/7.0/toolchain/avr8/avr8-gnu-toolchain/bin/../lib/gcc/avr/5.4.0/../../../../avr/lib/avr5\libm.a(fp_trunc.o)
                              d:/microship_studio/7.0/toolchain/avr8/avr8-gnu-toolchain/bin/../lib/gcc/avr/5.4.0/../../../../avr/lib/avr5\libm.a(ceil.o) (__fp_trunc)
d:/microship_studio/7.0/toolchain/avr8/avr8-gnu-toolchain/bin/../lib/gcc/avr/5.4.0/../../../../avr/lib/avr5\libm.a(fp_zero.o)
                              d:/microship_studio/7.0/toolchain/avr8/avr8-gnu-toolchain/bin/../lib/gcc/avr/5.4.0/../../../../avr/lib/avr5\libm.a(addsf3x.o) (__fp_zero)
d:/microship_studio/7.0/toolchain/avr8/avr8-gnu-toolchain/bin/../lib/gcc/avr/5.4.0/../../../../avr/lib/avr5\libm.a(gesf2.o)
                              MCAL/TIMER0/timer0.o (__gtsf2)
d:/microship_studio/7.0/toolchain/avr8/avr8-gnu-toolchain/bin/../lib/gcc/avr/5.4.0/../../../../avr/lib/avr5\libm.a(mulsf3.o)
                              MCAL/TIMER0/timer0.o (__mulsf3)
d:/microship_studio/7.0/toolchain/avr8/avr8-gnu-toolchain/bin/../lib/gcc/avr/5.4.0/../../../../avr/lib/avr5\libm.a(mulsf3x.o)
                              d:/microship_studio/7.0/toolchain/avr8/avr8-gnu-toolchain/bin/../lib/gcc/avr/5.4.0/../../../../avr/lib/avr5\libm.a(mulsf3.o) (__mulsf3x)
d:/microship_studio/7.0/toolchain/avr8/avr8-gnu-toolchain/bin/../lib/gcc/avr/5.4.0/avr5\libgcc.a(_exit.o)
                              D:/MicroShip_Studio/7.0/Packs/atmel/ATmega_DFP/1.7.374/gcc/dev/atmega32/avr5/crtatmega32.o (exit)
d:/microship_studio/7.0/toolchain/avr8/avr8-gnu-toolchain/bin/../lib/gcc/avr/5.4.0/avr5\libgcc.a(_copy_data.o)
                              Apllication/app.o (__do_copy_data)
d:/microship_studio/7.0/toolchain/avr8/avr8-gnu-toolchain/bin/../lib/gcc/avr/5.4.0/avr5\libgcc.a(_clear_bss.o)
                              Apllication/app.o (__do_clear_bss)

Allocating common symbols
Common symbol       size              file

string_counter      0x1               Apllication/app.o
x                   0x1               Apllication/app.o
ISR_State           0x1               Apllication/app.o
second_number       0x1               Apllication/app.o
fourth_number       0x1               Apllication/app.o
Number_of_overflows_needed
                    0x2               MCAL/TIMER0/timer0.o
prescale_int_Value  0x4               MCAL/TIMER0/timer0.o
button_2_state      0x1               Apllication/app.o
Timer_Delay_max     0x4               MCAL/TIMER0/timer0.o
password_correct    0x1               Apllication/app.o
pass_string         0x4               Apllication/app.o
Time_delay_         0x4               MCAL/TIMER0/timer0.o
new_pass            0x1               Apllication/app.o
third_number        0x1               Apllication/app.o
overflows_counter   0x2               MCAL/TIMER0/timer0.o
Timer_initial_value
                    0x1               MCAL/TIMER0/timer0.o
key                 0x1               MCAL/KeyPad/keypad.o
button_1_state      0x1               Apllication/app.o
Timer_Tick          0x4               MCAL/TIMER0/timer0.o
first_number        0x1               Apllication/app.o

Discarded input sections

 .data          0x00000000        0x0 D:/MicroShip_Studio/7.0/Packs/atmel/ATmega_DFP/1.7.374/gcc/dev/atmega32/avr5/crtatmega32.o
 .bss           0x00000000        0x0 D:/MicroShip_Studio/7.0/Packs/atmel/ATmega_DFP/1.7.374/gcc/dev/atmega32/avr5/crtatmega32.o
 .text          0x00000000        0x0 Apllication/app.o
 .data          0x00000000        0x0 Apllication/app.o
 .bss           0x00000000        0x0 Apllication/app.o
 .text          0x00000000        0x0 ECUAL/Button Driver/button.o
 .data          0x00000000        0x0 ECUAL/Button Driver/button.o
 .bss           0x00000000        0x0 ECUAL/Button Driver/button.o
 .text.Button_init
                0x00000000        0x8 ECUAL/Button Driver/button.o
 .text.Button_read
                0x00000000        0x6 ECUAL/Button Driver/button.o
 .text.Button_ISR
                0x00000000        0x2 ECUAL/Button Driver/button.o
 .debug_info    0x00000000      0x13b ECUAL/Button Driver/button.o
 .debug_abbrev  0x00000000       0xa1 ECUAL/Button Driver/button.o
 .debug_loc     0x00000000       0xaa ECUAL/Button Driver/button.o
 .debug_aranges
                0x00000000       0x30 ECUAL/Button Driver/button.o
 .debug_ranges  0x00000000       0x20 ECUAL/Button Driver/button.o
 .debug_line    0x00000000       0xea ECUAL/Button Driver/button.o
 .debug_str     0x00000000      0x16c ECUAL/Button Driver/button.o
 .comment       0x00000000       0x31 ECUAL/Button Driver/button.o
 .debug_frame   0x00000000       0x44 ECUAL/Button Driver/button.o
 .text          0x00000000        0x0 ECUAL/LED Driver/led.o
 .data          0x00000000        0x0 ECUAL/LED Driver/led.o
 .bss           0x00000000        0x0 ECUAL/LED Driver/led.o
 .text.LED_init
                0x00000000        0x8 ECUAL/LED Driver/led.o
 .text.LED_on   0x00000000        0x8 ECUAL/LED Driver/led.o
 .text.LED_off  0x00000000        0x8 ECUAL/LED Driver/led.o
 .text.LED_toggle
                0x00000000        0x6 ECUAL/LED Driver/led.o
 .debug_info    0x00000000      0x1bd ECUAL/LED Driver/led.o
 .debug_abbrev  0x00000000       0x80 ECUAL/LED Driver/led.o
 .debug_loc     0x00000000      0x108 ECUAL/LED Driver/led.o
 .debug_aranges
                0x00000000       0x38 ECUAL/LED Driver/led.o
 .debug_ranges  0x00000000       0x28 ECUAL/LED Driver/led.o
 .debug_line    0x00000000       0xfd ECUAL/LED Driver/led.o
 .debug_str     0x00000000      0x164 ECUAL/LED Driver/led.o
 .comment       0x00000000       0x31 ECUAL/LED Driver/led.o
 .debug_frame   0x00000000       0x54 ECUAL/LED Driver/led.o
 .text          0x00000000        0x0 ECUAL/Servo Motor/servo.o
 .data          0x00000000        0x0 ECUAL/Servo Motor/servo.o
 .bss           0x00000000        0x0 ECUAL/Servo Motor/servo.o
 .text.servo_move_zero_deg
                0x00000000       0x34 ECUAL/Servo Motor/servo.o
 .text.servo_move_90_deg
                0x00000000       0x34 ECUAL/Servo Motor/servo.o
 .text.servo_move_180_deg
                0x00000000       0x34 ECUAL/Servo Motor/servo.o
 .debug_info    0x00000000      0x309 ECUAL/Servo Motor/servo.o
 .debug_abbrev  0x00000000       0xf1 ECUAL/Servo Motor/servo.o
 .debug_loc     0x00000000      0x1aa ECUAL/Servo Motor/servo.o
 .debug_aranges
                0x00000000       0x30 ECUAL/Servo Motor/servo.o
 .debug_ranges  0x00000000       0x20 ECUAL/Servo Motor/servo.o
 .debug_line    0x00000000      0x1a9 ECUAL/Servo Motor/servo.o
 .debug_str     0x00000000      0x1e9 ECUAL/Servo Motor/servo.o
 .comment       0x00000000       0x31 ECUAL/Servo Motor/servo.o
 .debug_frame   0x00000000       0x44 ECUAL/Servo Motor/servo.o
 .text          0x00000000        0x0 main.o
 .data          0x00000000        0x0 main.o
 .bss           0x00000000        0x0 main.o
 .text          0x00000000        0x0 MCAL/DIO Driver/dio.o
 .data          0x00000000        0x0 MCAL/DIO Driver/dio.o
 .bss           0x00000000        0x0 MCAL/DIO Driver/dio.o
 .text.DIO_read
                0x00000000       0xc8 MCAL/DIO Driver/dio.o
 .text.DIO_toggle
                0x00000000       0x6e MCAL/DIO Driver/dio.o
 .text          0x00000000        0x0 MCAL/EEPROM/eerpom.o
 .data          0x00000000        0x0 MCAL/EEPROM/eerpom.o
 .bss           0x00000000        0x0 MCAL/EEPROM/eerpom.o
 .text          0x00000000        0x0 MCAL/KeyPad/keypad.o
 .data          0x00000000        0x0 MCAL/KeyPad/keypad.o
 .bss           0x00000000        0x0 MCAL/KeyPad/keypad.o
 .text          0x00000000        0x0 MCAL/LCD/lcd.o
 .data          0x00000000        0x0 MCAL/LCD/lcd.o
 .bss           0x00000000        0x0 MCAL/LCD/lcd.o
 .text.LCD_8_bit_sendCommand
                0x00000000       0x34 MCAL/LCD/lcd.o
 .text.LCD_8_bit_init
                0x00000000       0x3c MCAL/LCD/lcd.o
 .text.LCD_8_bit_sendChar
                0x00000000       0x34 MCAL/LCD/lcd.o
 .text.LCD_8_bit_sendString
                0x00000000       0x26 MCAL/LCD/lcd.o
 .text          0x00000000        0x0 MCAL/SPI/spi.o
 .data          0x00000000        0x0 MCAL/SPI/spi.o
 .bss           0x00000000        0x0 MCAL/SPI/spi.o
 .text.Spi_Master_receive
                0x00000000       0x12 MCAL/SPI/spi.o
 .text.Spi_Slave_init
                0x00000000       0x3a MCAL/SPI/spi.o
 .text.Spi_Slave_receive
                0x00000000        0xc MCAL/SPI/spi.o
 .text          0x00000000        0x0 MCAL/TIMER0/timer0.o
 .data          0x00000000        0x0 MCAL/TIMER0/timer0.o
 .bss           0x00000000        0x0 MCAL/TIMER0/timer0.o
 .text          0x00000000        0x0 d:/microship_studio/7.0/toolchain/avr8/avr8-gnu-toolchain/bin/../lib/gcc/avr/5.4.0/../../../../avr/lib/avr5\libm.a(addsf3.o)
 .data          0x00000000        0x0 d:/microship_studio/7.0/toolchain/avr8/avr8-gnu-toolchain/bin/../lib/gcc/avr/5.4.0/../../../../avr/lib/avr5\libm.a(addsf3.o)
 .bss           0x00000000        0x0 d:/microship_studio/7.0/toolchain/avr8/avr8-gnu-toolchain/bin/../lib/gcc/avr/5.4.0/../../../../avr/lib/avr5\libm.a(addsf3.o)
 .text          0x00000000        0x0 d:/microship_studio/7.0/toolchain/avr8/avr8-gnu-toolchain/bin/../lib/gcc/avr/5.4.0/../../../../avr/lib/avr5\libm.a(addsf3x.o)
 .data          0x00000000        0x0 d:/microship_studio/7.0/toolchain/avr8/avr8-gnu-toolchain/bin/../lib/gcc/avr/5.4.0/../../../../avr/lib/avr5\libm.a(addsf3x.o)
 .bss           0x00000000        0x0 d:/microship_studio/7.0/toolchain/avr8/avr8-gnu-toolchain/bin/../lib/gcc/avr/5.4.0/../../../../avr/lib/avr5\libm.a(addsf3x.o)
 .text          0x00000000        0x0 d:/microship_studio/7.0/toolchain/avr8/avr8-gnu-toolchain/bin/../lib/gcc/avr/5.4.0/../../../../avr/lib/avr5\libm.a(ceil.o)
 .data          0x00000000        0x0 d:/microship_studio/7.0/toolchain/avr8/avr8-gnu-toolchain/bin/../lib/gcc/avr/5.4.0/../../../../avr/lib/avr5\libm.a(ceil.o)
 .bss           0x00000000        0x0 d:/microship_studio/7.0/toolchain/avr8/avr8-gnu-toolchain/bin/../lib/gcc/avr/5.4.0/../../../../avr/lib/avr5\libm.a(ceil.o)
 .text          0x00000000        0x0 d:/microship_studio/7.0/toolchain/avr8/avr8-gnu-toolchain/bin/../lib/gcc/avr/5.4.0/../../../../avr/lib/avr5\libm.a(cmpsf2.o)
 .data          0x00000000        0x0 d:/microship_studio/7.0/toolchain/avr8/avr8-gnu-toolchain/bin/../lib/gcc/avr/5.4.0/../../../../avr/lib/avr5\libm.a(cmpsf2.o)
 .bss           0x00000000        0x0 d:/microship_studio/7.0/toolchain/avr8/avr8-gnu-toolchain/bin/../lib/gcc/avr/5.4.0/../../../../avr/lib/avr5\libm.a(cmpsf2.o)
 .text          0x00000000        0x0 d:/microship_studio/7.0/toolchain/avr8/avr8-gnu-toolchain/bin/../lib/gcc/avr/5.4.0/../../../../avr/lib/avr5\libm.a(divsf3.o)
 .data          0x00000000        0x0 d:/microship_studio/7.0/toolchain/avr8/avr8-gnu-toolchain/bin/../lib/gcc/avr/5.4.0/../../../../avr/lib/avr5\libm.a(divsf3.o)
 .bss           0x00000000        0x0 d:/microship_studio/7.0/toolchain/avr8/avr8-gnu-toolchain/bin/../lib/gcc/avr/5.4.0/../../../../avr/lib/avr5\libm.a(divsf3.o)
 .text          0x00000000        0x0 d:/microship_studio/7.0/toolchain/avr8/avr8-gnu-toolchain/bin/../lib/gcc/avr/5.4.0/../../../../avr/lib/avr5\libm.a(divsf3x.o)
 .data          0x00000000        0x0 d:/microship_studio/7.0/toolchain/avr8/avr8-gnu-toolchain/bin/../lib/gcc/avr/5.4.0/../../../../avr/lib/avr5\libm.a(divsf3x.o)
 .bss           0x00000000        0x0 d:/microship_studio/7.0/toolchain/avr8/avr8-gnu-toolchain/bin/../lib/gcc/avr/5.4.0/../../../../avr/lib/avr5\libm.a(divsf3x.o)
 .text          0x00000000        0x0 d:/microship_studio/7.0/toolchain/avr8/avr8-gnu-toolchain/bin/../lib/gcc/avr/5.4.0/../../../../avr/lib/avr5\libm.a(fixunssfsi.o)
 .data          0x00000000        0x0 d:/microship_studio/7.0/toolchain/avr8/avr8-gnu-toolchain/bin/../lib/gcc/avr/5.4.0/../../../../avr/lib/avr5\libm.a(fixunssfsi.o)
 .bss           0x00000000        0x0 d:/microship_studio/7.0/toolchain/avr8/avr8-gnu-toolchain/bin/../lib/gcc/avr/5.4.0/../../../../avr/lib/avr5\libm.a(fixunssfsi.o)
 .text          0x00000000        0x0 d:/microship_studio/7.0/toolchain/avr8/avr8-gnu-toolchain/bin/../lib/gcc/avr/5.4.0/../../../../avr/lib/avr5\libm.a(floatsisf.o)
 .data          0x00000000        0x0 d:/microship_studio/7.0/toolchain/avr8/avr8-gnu-toolchain/bin/../lib/gcc/avr/5.4.0/../../../../avr/lib/avr5\libm.a(floatsisf.o)
 .bss           0x00000000        0x0 d:/microship_studio/7.0/toolchain/avr8/avr8-gnu-toolchain/bin/../lib/gcc/avr/5.4.0/../../../../avr/lib/avr5\libm.a(floatsisf.o)
 .text          0x00000000        0x0 d:/microship_studio/7.0/toolchain/avr8/avr8-gnu-toolchain/bin/../lib/gcc/avr/5.4.0/../../../../avr/lib/avr5\libm.a(fp_cmp.o)
 .data          0x00000000        0x0 d:/microship_studio/7.0/toolchain/avr8/avr8-gnu-toolchain/bin/../lib/gcc/avr/5.4.0/../../../../avr/lib/avr5\libm.a(fp_cmp.o)
 .bss           0x00000000        0x0 d:/microship_studio/7.0/toolchain/avr8/avr8-gnu-toolchain/bin/../lib/gcc/avr/5.4.0/../../../../avr/lib/avr5\libm.a(fp_cmp.o)
 .text          0x00000000        0x0 d:/microship_studio/7.0/toolchain/avr8/avr8-gnu-toolchain/bin/../lib/gcc/avr/5.4.0/../../../../avr/lib/avr5\libm.a(fp_inf.o)
 .data          0x00000000        0x0 d:/microship_studio/7.0/toolchain/avr8/avr8-gnu-toolchain/bin/../lib/gcc/avr/5.4.0/../../../../avr/lib/avr5\libm.a(fp_inf.o)
 .bss           0x00000000        0x0 d:/microship_studio/7.0/toolchain/avr8/avr8-gnu-toolchain/bin/../lib/gcc/avr/5.4.0/../../../../avr/lib/avr5\libm.a(fp_inf.o)
 .text          0x00000000        0x0 d:/microship_studio/7.0/toolchain/avr8/avr8-gnu-toolchain/bin/../lib/gcc/avr/5.4.0/../../../../avr/lib/avr5\libm.a(fp_mintl.o)
 .data          0x00000000        0x0 d:/microship_studio/7.0/toolchain/avr8/avr8-gnu-toolchain/bin/../lib/gcc/avr/5.4.0/../../../../avr/lib/avr5\libm.a(fp_mintl.o)
 .bss           0x00000000        0x0 d:/microship_studio/7.0/toolchain/avr8/avr8-gnu-toolchain/bin/../lib/gcc/avr/5.4.0/../../../../avr/lib/avr5\libm.a(fp_mintl.o)
 .text          0x00000000        0x0 d:/microship_studio/7.0/toolchain/avr8/avr8-gnu-toolchain/bin/../lib/gcc/avr/5.4.0/../../../../avr/lib/avr5\libm.a(fp_mpack.o)
 .data          0x00000000        0x0 d:/microship_studio/7.0/toolchain/avr8/avr8-gnu-toolchain/bin/../lib/gcc/avr/5.4.0/../../../../avr/lib/avr5\libm.a(fp_mpack.o)
 .bss           0x00000000        0x0 d:/microship_studio/7.0/toolchain/avr8/avr8-gnu-toolchain/bin/../lib/gcc/avr/5.4.0/../../../../avr/lib/avr5\libm.a(fp_mpack.o)
 .text          0x00000000        0x0 d:/microship_studio/7.0/toolchain/avr8/avr8-gnu-toolchain/bin/../lib/gcc/avr/5.4.0/../../../../avr/lib/avr5\libm.a(fp_nan.o)
 .data          0x00000000        0x0 d:/microship_studio/7.0/toolchain/avr8/avr8-gnu-toolchain/bin/../lib/gcc/avr/5.4.0/../../../../avr/lib/avr5\libm.a(fp_nan.o)
 .bss           0x00000000        0x0 d:/microship_studio/7.0/toolchain/avr8/avr8-gnu-toolchain/bin/../lib/gcc/avr/5.4.0/../../../../avr/lib/avr5\libm.a(fp_nan.o)
 .text          0x00000000        0x0 d:/microship_studio/7.0/toolchain/avr8/avr8-gnu-toolchain/bin/../lib/gcc/avr/5.4.0/../../../../avr/lib/avr5\libm.a(fp_pscA.o)
 .data          0x00000000        0x0 d:/microship_studio/7.0/toolchain/avr8/avr8-gnu-toolchain/bin/../lib/gcc/avr/5.4.0/../../../../avr/lib/avr5\libm.a(fp_pscA.o)
 .bss           0x00000000        0x0 d:/microship_studio/7.0/toolchain/avr8/avr8-gnu-toolchain/bin/../lib/gcc/avr/5.4.0/../../../../avr/lib/avr5\libm.a(fp_pscA.o)
 .text          0x00000000        0x0 d:/microship_studio/7.0/toolchain/avr8/avr8-gnu-toolchain/bin/../lib/gcc/avr/5.4.0/../../../../avr/lib/avr5\libm.a(fp_pscB.o)
 .data          0x00000000        0x0 d:/microship_studio/7.0/toolchain/avr8/avr8-gnu-toolchain/bin/../lib/gcc/avr/5.4.0/../../../../avr/lib/avr5\libm.a(fp_pscB.o)
 .bss           0x00000000        0x0 d:/microship_studio/7.0/toolchain/avr8/avr8-gnu-toolchain/bin/../lib/gcc/avr/5.4.0/../../../../avr/lib/avr5\libm.a(fp_pscB.o)
 .text          0x00000000        0x0 d:/microship_studio/7.0/toolchain/avr8/avr8-gnu-toolchain/bin/../lib/gcc/avr/5.4.0/../../../../avr/lib/avr5\libm.a(fp_round.o)
 .data          0x00000000        0x0 d:/microship_studio/7.0/toolchain/avr8/avr8-gnu-toolchain/bin/../lib/gcc/avr/5.4.0/../../../../avr/lib/avr5\libm.a(fp_round.o)
 .bss           0x00000000        0x0 d:/microship_studio/7.0/toolchain/avr8/avr8-gnu-toolchain/bin/../lib/gcc/avr/5.4.0/../../../../avr/lib/avr5\libm.a(fp_round.o)
 .text          0x00000000        0x0 d:/microship_studio/7.0/toolchain/avr8/avr8-gnu-toolchain/bin/../lib/gcc/avr/5.4.0/../../../../avr/lib/avr5\libm.a(fp_split3.o)
 .data          0x00000000        0x0 d:/microship_studio/7.0/toolchain/avr8/avr8-gnu-toolchain/bin/../lib/gcc/avr/5.4.0/../../../../avr/lib/avr5\libm.a(fp_split3.o)
 .bss           0x00000000        0x0 d:/microship_studio/7.0/toolchain/avr8/avr8-gnu-toolchain/bin/../lib/gcc/avr/5.4.0/../../../../avr/lib/avr5\libm.a(fp_split3.o)
 .text          0x00000000        0x0 d:/microship_studio/7.0/toolchain/avr8/avr8-gnu-toolchain/bin/../lib/gcc/avr/5.4.0/../../../../avr/lib/avr5\libm.a(fp_trunc.o)
 .data          0x00000000        0x0 d:/microship_studio/7.0/toolchain/avr8/avr8-gnu-toolchain/bin/../lib/gcc/avr/5.4.0/../../../../avr/lib/avr5\libm.a(fp_trunc.o)
 .bss           0x00000000        0x0 d:/microship_studio/7.0/toolchain/avr8/avr8-gnu-toolchain/bin/../lib/gcc/avr/5.4.0/../../../../avr/lib/avr5\libm.a(fp_trunc.o)
 .text          0x00000000        0x0 d:/microship_studio/7.0/toolchain/avr8/avr8-gnu-toolchain/bin/../lib/gcc/avr/5.4.0/../../../../avr/lib/avr5\libm.a(fp_zero.o)
 .data          0x00000000        0x0 d:/microship_studio/7.0/toolchain/avr8/avr8-gnu-toolchain/bin/../lib/gcc/avr/5.4.0/../../../../avr/lib/avr5\libm.a(fp_zero.o)
 .bss           0x00000000        0x0 d:/microship_studio/7.0/toolchain/avr8/avr8-gnu-toolchain/bin/../lib/gcc/avr/5.4.0/../../../../avr/lib/avr5\libm.a(fp_zero.o)
 .text          0x00000000        0x0 d:/microship_studio/7.0/toolchain/avr8/avr8-gnu-toolchain/bin/../lib/gcc/avr/5.4.0/../../../../avr/lib/avr5\libm.a(gesf2.o)
 .data          0x00000000        0x0 d:/microship_studio/7.0/toolchain/avr8/avr8-gnu-toolchain/bin/../lib/gcc/avr/5.4.0/../../../../avr/lib/avr5\libm.a(gesf2.o)
 .bss           0x00000000        0x0 d:/microship_studio/7.0/toolchain/avr8/avr8-gnu-toolchain/bin/../lib/gcc/avr/5.4.0/../../../../avr/lib/avr5\libm.a(gesf2.o)
 .text          0x00000000        0x0 d:/microship_studio/7.0/toolchain/avr8/avr8-gnu-toolchain/bin/../lib/gcc/avr/5.4.0/../../../../avr/lib/avr5\libm.a(mulsf3.o)
 .data          0x00000000        0x0 d:/microship_studio/7.0/toolchain/avr8/avr8-gnu-toolchain/bin/../lib/gcc/avr/5.4.0/../../../../avr/lib/avr5\libm.a(mulsf3.o)
 .bss           0x00000000        0x0 d:/microship_studio/7.0/toolchain/avr8/avr8-gnu-toolchain/bin/../lib/gcc/avr/5.4.0/../../../../avr/lib/avr5\libm.a(mulsf3.o)
 .text          0x00000000        0x0 d:/microship_studio/7.0/toolchain/avr8/avr8-gnu-toolchain/bin/../lib/gcc/avr/5.4.0/../../../../avr/lib/avr5\libm.a(mulsf3x.o)
 .data          0x00000000        0x0 d:/microship_studio/7.0/toolchain/avr8/avr8-gnu-toolchain/bin/../lib/gcc/avr/5.4.0/../../../../avr/lib/avr5\libm.a(mulsf3x.o)
 .bss           0x00000000        0x0 d:/microship_studio/7.0/toolchain/avr8/avr8-gnu-toolchain/bin/../lib/gcc/avr/5.4.0/../../../../avr/lib/avr5\libm.a(mulsf3x.o)
 .text          0x00000000        0x0 d:/microship_studio/7.0/toolchain/avr8/avr8-gnu-toolchain/bin/../lib/gcc/avr/5.4.0/avr5\libgcc.a(_exit.o)
 .data          0x00000000        0x0 d:/microship_studio/7.0/toolchain/avr8/avr8-gnu-toolchain/bin/../lib/gcc/avr/5.4.0/avr5\libgcc.a(_exit.o)
 .bss           0x00000000        0x0 d:/microship_studio/7.0/toolchain/avr8/avr8-gnu-toolchain/bin/../lib/gcc/avr/5.4.0/avr5\libgcc.a(_exit.o)
 .text.libgcc.mul
                0x00000000        0x0 d:/microship_studio/7.0/toolchain/avr8/avr8-gnu-toolchain/bin/../lib/gcc/avr/5.4.0/avr5\libgcc.a(_exit.o)
 .text.libgcc.div
                0x00000000        0x0 d:/microship_studio/7.0/toolchain/avr8/avr8-gnu-toolchain/bin/../lib/gcc/avr/5.4.0/avr5\libgcc.a(_exit.o)
 .text.libgcc   0x00000000        0x0 d:/microship_studio/7.0/toolchain/avr8/avr8-gnu-toolchain/bin/../lib/gcc/avr/5.4.0/avr5\libgcc.a(_exit.o)
 .text.libgcc.prologue
                0x00000000        0x0 d:/microship_studio/7.0/toolchain/avr8/avr8-gnu-toolchain/bin/../lib/gcc/avr/5.4.0/avr5\libgcc.a(_exit.o)
 .text.libgcc.builtins
                0x00000000        0x0 d:/microship_studio/7.0/toolchain/avr8/avr8-gnu-toolchain/bin/../lib/gcc/avr/5.4.0/avr5\libgcc.a(_exit.o)
 .text.libgcc.fmul
                0x00000000        0x0 d:/microship_studio/7.0/toolchain/avr8/avr8-gnu-toolchain/bin/../lib/gcc/avr/5.4.0/avr5\libgcc.a(_exit.o)
 .text.libgcc.fixed
                0x00000000        0x0 d:/microship_studio/7.0/toolchain/avr8/avr8-gnu-toolchain/bin/../lib/gcc/avr/5.4.0/avr5\libgcc.a(_exit.o)
 .text          0x00000000        0x0 d:/microship_studio/7.0/toolchain/avr8/avr8-gnu-toolchain/bin/../lib/gcc/avr/5.4.0/avr5\libgcc.a(_copy_data.o)
 .data          0x00000000        0x0 d:/microship_studio/7.0/toolchain/avr8/avr8-gnu-toolchain/bin/../lib/gcc/avr/5.4.0/avr5\libgcc.a(_copy_data.o)
 .bss           0x00000000        0x0 d:/microship_studio/7.0/toolchain/avr8/avr8-gnu-toolchain/bin/../lib/gcc/avr/5.4.0/avr5\libgcc.a(_copy_data.o)
 .text.libgcc.mul
                0x00000000        0x0 d:/microship_studio/7.0/toolchain/avr8/avr8-gnu-toolchain/bin/../lib/gcc/avr/5.4.0/avr5\libgcc.a(_copy_data.o)
 .text.libgcc.div
                0x00000000        0x0 d:/microship_studio/7.0/toolchain/avr8/avr8-gnu-toolchain/bin/../lib/gcc/avr/5.4.0/avr5\libgcc.a(_copy_data.o)
 .text.libgcc   0x00000000        0x0 d:/microship_studio/7.0/toolchain/avr8/avr8-gnu-toolchain/bin/../lib/gcc/avr/5.4.0/avr5\libgcc.a(_copy_data.o)
 .text.libgcc.prologue
                0x00000000        0x0 d:/microship_studio/7.0/toolchain/avr8/avr8-gnu-toolchain/bin/../lib/gcc/avr/5.4.0/avr5\libgcc.a(_copy_data.o)
 .text.libgcc.builtins
                0x00000000        0x0 d:/microship_studio/7.0/toolchain/avr8/avr8-gnu-toolchain/bin/../lib/gcc/avr/5.4.0/avr5\libgcc.a(_copy_data.o)
 .text.libgcc.fmul
                0x00000000        0x0 d:/microship_studio/7.0/toolchain/avr8/avr8-gnu-toolchain/bin/../lib/gcc/avr/5.4.0/avr5\libgcc.a(_copy_data.o)
 .text.libgcc.fixed
                0x00000000        0x0 d:/microship_studio/7.0/toolchain/avr8/avr8-gnu-toolchain/bin/../lib/gcc/avr/5.4.0/avr5\libgcc.a(_copy_data.o)
 .text          0x00000000        0x0 d:/microship_studio/7.0/toolchain/avr8/avr8-gnu-toolchain/bin/../lib/gcc/avr/5.4.0/avr5\libgcc.a(_clear_bss.o)
 .data          0x00000000        0x0 d:/microship_studio/7.0/toolchain/avr8/avr8-gnu-toolchain/bin/../lib/gcc/avr/5.4.0/avr5\libgcc.a(_clear_bss.o)
 .bss           0x00000000        0x0 d:/microship_studio/7.0/toolchain/avr8/avr8-gnu-toolchain/bin/../lib/gcc/avr/5.4.0/avr5\libgcc.a(_clear_bss.o)
 .text.libgcc.mul
                0x00000000        0x0 d:/microship_studio/7.0/toolchain/avr8/avr8-gnu-toolchain/bin/../lib/gcc/avr/5.4.0/avr5\libgcc.a(_clear_bss.o)
 .text.libgcc.div
                0x00000000        0x0 d:/microship_studio/7.0/toolchain/avr8/avr8-gnu-toolchain/bin/../lib/gcc/avr/5.4.0/avr5\libgcc.a(_clear_bss.o)
 .text.libgcc   0x00000000        0x0 d:/microship_studio/7.0/toolchain/avr8/avr8-gnu-toolchain/bin/../lib/gcc/avr/5.4.0/avr5\libgcc.a(_clear_bss.o)
 .text.libgcc.prologue
                0x00000000        0x0 d:/microship_studio/7.0/toolchain/avr8/avr8-gnu-toolchain/bin/../lib/gcc/avr/5.4.0/avr5\libgcc.a(_clear_bss.o)
 .text.libgcc.builtins
                0x00000000        0x0 d:/microship_studio/7.0/toolchain/avr8/avr8-gnu-toolchain/bin/../lib/gcc/avr/5.4.0/avr5\libgcc.a(_clear_bss.o)
 .text.libgcc.fmul
                0x00000000        0x0 d:/microship_studio/7.0/toolchain/avr8/avr8-gnu-toolchain/bin/../lib/gcc/avr/5.4.0/avr5\libgcc.a(_clear_bss.o)
 .text.libgcc.fixed
                0x00000000        0x0 d:/microship_studio/7.0/toolchain/avr8/avr8-gnu-toolchain/bin/../lib/gcc/avr/5.4.0/avr5\libgcc.a(_clear_bss.o)

Memory Configuration

Name             Origin             Length             Attributes
text             0x00000000         0x00008000         xr
data             0x00800060         0x00000800         rw !x
eeprom           0x00810000         0x00000400         rw !x
fuse             0x00820000         0x00000002         rw !x
lock             0x00830000         0x00000400         rw !x
signature        0x00840000         0x00000400         rw !x
user_signatures  0x00850000         0x00000400         rw !x
*default*        0x00000000         0xffffffff

Linker script and memory map

LOAD D:/MicroShip_Studio/7.0/Packs/atmel/ATmega_DFP/1.7.374/gcc/dev/atmega32/avr5/crtatmega32.o
LOAD Apllication/app.o
LOAD ECUAL/Button Driver/button.o
LOAD ECUAL/LED Driver/led.o
LOAD ECUAL/Servo Motor/servo.o
LOAD main.o
LOAD MCAL/DIO Driver/dio.o
LOAD MCAL/EEPROM/eerpom.o
LOAD MCAL/KeyPad/keypad.o
LOAD MCAL/LCD/lcd.o
LOAD MCAL/SPI/spi.o
LOAD MCAL/TIMER0/timer0.o
START GROUP
LOAD d:/microship_studio/7.0/toolchain/avr8/avr8-gnu-toolchain/bin/../lib/gcc/avr/5.4.0/../../../../avr/lib/avr5\libm.a
END GROUP
START GROUP
LOAD d:/microship_studio/7.0/toolchain/avr8/avr8-gnu-toolchain/bin/../lib/gcc/avr/5.4.0/avr5\libgcc.a
LOAD d:/microship_studio/7.0/toolchain/avr8/avr8-gnu-toolchain/bin/../lib/gcc/avr/5.4.0/../../../../avr/lib/avr5\libm.a
LOAD d:/microship_studio/7.0/toolchain/avr8/avr8-gnu-toolchain/bin/../lib/gcc/avr/5.4.0/../../../../avr/lib/avr5\libc.a
LOAD D:/MicroShip_Studio/7.0/Packs/atmel/ATmega_DFP/1.7.374/gcc/dev/atmega32/avr5\libatmega32.a
END GROUP
                0x00000000                __TEXT_REGION_ORIGIN__ = DEFINED (__TEXT_REGION_ORIGIN__)?__TEXT_REGION_ORIGIN__:0x0
                [0x00800060]                __DATA_REGION_ORIGIN__ = DEFINED (__DATA_REGION_ORIGIN__)?__DATA_REGION_ORIGIN__:0x800060
                [0x00008000]                __TEXT_REGION_LENGTH__ = DEFINED (__TEXT_REGION_LENGTH__)?__TEXT_REGION_LENGTH__:0x20000
                [0x00000800]                __DATA_REGION_LENGTH__ = DEFINED (__DATA_REGION_LENGTH__)?__DATA_REGION_LENGTH__:0xffa0
                [0x00000400]                __EEPROM_REGION_LENGTH__ = DEFINED (__EEPROM_REGION_LENGTH__)?__EEPROM_REGION_LENGTH__:0x10000
                [0x00000002]                __FUSE_REGION_LENGTH__ = DEFINED (__FUSE_REGION_LENGTH__)?__FUSE_REGION_LENGTH__:0x400
                0x00000400                __LOCK_REGION_LENGTH__ = DEFINED (__LOCK_REGION_LENGTH__)?__LOCK_REGION_LENGTH__:0x400
                0x00000400                __SIGNATURE_REGION_LENGTH__ = DEFINED (__SIGNATURE_REGION_LENGTH__)?__SIGNATURE_REGION_LENGTH__:0x400
                0x00000400                __USER_SIGNATURE_REGION_LENGTH__ = DEFINED (__USER_SIGNATURE_REGION_LENGTH__)?__USER_SIGNATURE_REGION_LENGTH__:0x400

.hash
 *(.hash)

.dynsym
 *(.dynsym)

.dynstr
 *(.dynstr)

.gnu.version
 *(.gnu.version)

.gnu.version_d
 *(.gnu.version_d)

.gnu.version_r
 *(.gnu.version_r)

.rel.init
 *(.rel.init)

.rela.init
 *(.rela.init)

.rel.text
 *(.rel.text)
 *(.rel.text.*)
 *(.rel.gnu.linkonce.t*)

.rela.text
 *(.rela.text)
 *(.rela.text.*)
 *(.rela.gnu.linkonce.t*)

.rel.fini
 *(.rel.fini)

.rela.fini
 *(.rela.fini)

.rel.rodata
 *(.rel.rodata)
 *(.rel.rodata.*)
 *(.rel.gnu.linkonce.r*)

.rela.rodata
 *(.rela.rodata)
 *(.rela.rodata.*)
 *(.rela.gnu.linkonce.r*)

.rel.data
 *(.rel.data)
 *(.rel.data.*)
 *(.rel.gnu.linkonce.d*)

.rela.data
 *(.rela.data)
 *(.rela.data.*)
 *(.rela.gnu.linkonce.d*)

.rel.ctors
 *(.rel.ctors)

.rela.ctors
 *(.rela.ctors)

.rel.dtors
 *(.rel.dtors)

.rela.dtors
 *(.rela.dtors)

.rel.got
 *(.rel.got)

.rela.got
 *(.rela.got)

.rel.bss
 *(.rel.bss)

.rela.bss
 *(.rela.bss)

.rel.plt
 *(.rel.plt)

.rela.plt
 *(.rela.plt)

.text           0x00000000     0x107e
 *(.vectors)
 .vectors       0x00000000       0x54 D:/MicroShip_Studio/7.0/Packs/atmel/ATmega_DFP/1.7.374/gcc/dev/atmega32/avr5/crtatmega32.o
                0x00000000                __vector_default
                0x00000000                __vectors
 *(.vectors)
 *(.progmem.gcc*)
                0x00000054                . = ALIGN (0x2)
                0x00000054                __trampolines_start = .
 *(.trampolines)
 .trampolines   0x00000054        0x0 linker stubs
 *(.trampolines*)
                0x00000054                __trampolines_end = .
 *libprintf_flt.a:*(.progmem.data)
 *libc.a:*(.progmem.data)
 *(.progmem*)
                0x00000054                . = ALIGN (0x2)
 *(.jumptables)
 *(.jumptables*)
 *(.lowtext)
 *(.lowtext*)
                0x00000054                __ctors_start = .
 *(.ctors)
                0x00000054                __ctors_end = .
                0x00000054                __dtors_start = .
 *(.dtors)
                0x00000054                __dtors_end = .
 SORT(*)(.ctors)
 SORT(*)(.dtors)
 *(.init0)
 .init0         0x00000054        0x0 D:/MicroShip_Studio/7.0/Packs/atmel/ATmega_DFP/1.7.374/gcc/dev/atmega32/avr5/crtatmega32.o
                0x00000054                __init
 *(.init0)
 *(.init1)
 *(.init1)
 *(.init2)
 .init2         0x00000054        0xc D:/MicroShip_Studio/7.0/Packs/atmel/ATmega_DFP/1.7.374/gcc/dev/atmega32/avr5/crtatmega32.o
 *(.init2)
 *(.init3)
 *(.init3)
 *(.init4)
 .init4         0x00000060       0x16 d:/microship_studio/7.0/toolchain/avr8/avr8-gnu-toolchain/bin/../lib/gcc/avr/5.4.0/avr5\libgcc.a(_copy_data.o)
                0x00000060                __do_copy_data
 .init4         0x00000076       0x10 d:/microship_studio/7.0/toolchain/avr8/avr8-gnu-toolchain/bin/../lib/gcc/avr/5.4.0/avr5\libgcc.a(_clear_bss.o)
                0x00000076                __do_clear_bss
 *(.init4)
 *(.init5)
 *(.init5)
 *(.init6)
 *(.init6)
 *(.init7)
 *(.init7)
 *(.init8)
 *(.init8)
 *(.init9)
 .init9         0x00000086        0x8 D:/MicroShip_Studio/7.0/Packs/atmel/ATmega_DFP/1.7.374/gcc/dev/atmega32/avr5/crtatmega32.o
 *(.init9)
 *(.text)
 .text          0x0000008e        0x4 D:/MicroShip_Studio/7.0/Packs/atmel/ATmega_DFP/1.7.374/gcc/dev/atmega32/avr5/crtatmega32.o
                0x0000008e                __vector_1
                0x0000008e                __vector_12
                0x0000008e                __bad_interrupt
                0x0000008e                __vector_6
                0x0000008e                __vector_11
                0x0000008e                __vector_13
                0x0000008e                __vector_17
                0x0000008e                __vector_19
                0x0000008e                __vector_7
                0x0000008e                __vector_5
                0x0000008e                __vector_4
                0x0000008e                __vector_9
                0x0000008e                __vector_15
                0x0000008e                __vector_8
                0x0000008e                __vector_14
                0x0000008e                __vector_10
                0x0000008e                __vector_16
                0x0000008e                __vector_18
                0x0000008e                __vector_20
                0x00000092                . = ALIGN (0x2)
 *(.text.*)
 .text.app_init
                0x00000092       0x44 Apllication/app.o
                0x00000092                app_init
 .text.app_start
                0x000000d6        0x2 Apllication/app.o
                0x000000d6                app_start
 .text.password_check
                0x000000d8      0x184 Apllication/app.o
                0x000000d8                password_check
 .text.main     0x0000025c       0x28 main.o
                0x0000025c                main
 .text.__vector_2
                0x00000284       0x4a main.o
                0x00000284                __vector_2
 .text.__vector_3
                0x000002ce       0x4a main.o
                0x000002ce                __vector_3
 .text.DIO_init
                0x00000318       0xf0 MCAL/DIO Driver/dio.o
                0x00000318                DIO_init
 .text.DIO_write
                0x00000408       0xf0 MCAL/DIO Driver/dio.o
                0x00000408                DIO_write
 .text.EEPROM_write
                0x000004f8       0x16 MCAL/EEPROM/eerpom.o
                0x000004f8                EEPROM_write
 .text.EEPROM_read
                0x0000050e       0x10 MCAL/EEPROM/eerpom.o
                0x0000050e                EEPROM_read
 .text.KEYPAD_init
                0x0000051e        0xe MCAL/KeyPad/keypad.o
                0x0000051e                KEYPAD_init
 .text.GET_KEY  0x0000052c      0x162 MCAL/KeyPad/keypad.o
                0x0000052c                GET_KEY
 .text.KEYPAD_start
                0x0000068e       0x4e MCAL/KeyPad/keypad.o
                0x0000068e                KEYPAD_start
 .text.LCD_4_bit_sendCommand
                0x000006dc       0x7a MCAL/LCD/lcd.o
                0x000006dc                LCD_4_bit_sendCommand
 .text.LCD_4_bit_init
                0x00000756       0x44 MCAL/LCD/lcd.o
                0x00000756                LCD_4_bit_init
 .text.LCD_4_bit_sendChar
                0x0000079a       0x7a MCAL/LCD/lcd.o
                0x0000079a                LCD_4_bit_sendChar
 .text.LCD_4_bit_sendString
                0x00000814       0x26 MCAL/LCD/lcd.o
                0x00000814                LCD_4_bit_sendString
 .text.Spi_Master_init
                0x0000083a       0x40 MCAL/SPI/spi.o
                0x0000083a                Spi_Master_init
 .text.Spi_Master_send
                0x0000087a       0x28 MCAL/SPI/spi.o
                0x0000087a                Spi_Master_send
 .text.TIMER_set
                0x000008a2       0x48 MCAL/TIMER0/timer0.o
                0x000008a2                TIMER_set
 .text.TIMER_start
                0x000008ea       0x6a MCAL/TIMER0/timer0.o
                0x000008ea                TIMER_start
 .text.TIMER_overflow_read
                0x00000954        0xe MCAL/TIMER0/timer0.o
                0x00000954                TIMER_overflow_read
 .text.TIMER_stop
                0x00000962        0x4 MCAL/TIMER0/timer0.o
                0x00000962                TIMER_stop
 .text.TIMER0_delay
                0x00000966      0x1f6 MCAL/TIMER0/timer0.o
                0x00000966                TIMER0_delay
 .text.avr-libc.fplib
                0x00000b5c        0xe d:/microship_studio/7.0/toolchain/avr8/avr8-gnu-toolchain/bin/../lib/gcc/avr/5.4.0/../../../../avr/lib/avr5\libm.a(addsf3.o)
                0x00000b5c                __subsf3
                0x00000b5e                __addsf3
 .text.avr-libc.fplib
                0x00000b6a       0xcc d:/microship_studio/7.0/toolchain/avr8/avr8-gnu-toolchain/bin/../lib/gcc/avr/5.4.0/../../../../avr/lib/avr5\libm.a(addsf3x.o)
                0x00000b8c                __addsf3x
 .text.avr-libc.fplib
                0x00000c36       0x2e d:/microship_studio/7.0/toolchain/avr8/avr8-gnu-toolchain/bin/../lib/gcc/avr/5.4.0/../../../../avr/lib/avr5\libm.a(ceil.o)
                0x00000c36                ceil
 .text.avr-libc.fplib
                0x00000c64        0xa d:/microship_studio/7.0/toolchain/avr8/avr8-gnu-toolchain/bin/../lib/gcc/avr/5.4.0/../../../../avr/lib/avr5\libm.a(cmpsf2.o)
                0x00000c64                __nesf2
                0x00000c64                __eqsf2
                0x00000c64                __cmpsf2
                0x00000c64                __ltsf2
                0x00000c64                __lesf2
 .text.avr-libc.fplib
                0x00000c6e        0x8 d:/microship_studio/7.0/toolchain/avr8/avr8-gnu-toolchain/bin/../lib/gcc/avr/5.4.0/../../../../avr/lib/avr5\libm.a(divsf3.o)
                0x00000c6e                __divsf3
 .text.avr-libc.fplib
                0x00000c76       0xdc d:/microship_studio/7.0/toolchain/avr8/avr8-gnu-toolchain/bin/../lib/gcc/avr/5.4.0/../../../../avr/lib/avr5\libm.a(divsf3x.o)
                0x00000c96                __divsf3x
                0x00000c9c                __divsf3_pse
 .text.avr-libc.fplib
                0x00000d52       0x5e d:/microship_studio/7.0/toolchain/avr8/avr8-gnu-toolchain/bin/../lib/gcc/avr/5.4.0/../../../../avr/lib/avr5\libm.a(fixunssfsi.o)
                0x00000d52                __fixunssfsi
 .text.avr-libc.fplib
                0x00000db0       0x7a d:/microship_studio/7.0/toolchain/avr8/avr8-gnu-toolchain/bin/../lib/gcc/avr/5.4.0/../../../../avr/lib/avr5\libm.a(floatsisf.o)
                0x00000db0                __floatunsisf
                0x00000db4                __floatsisf
 .text.avr-libc.fplib
                0x00000e2a       0x48 d:/microship_studio/7.0/toolchain/avr8/avr8-gnu-toolchain/bin/../lib/gcc/avr/5.4.0/../../../../avr/lib/avr5\libm.a(fp_cmp.o)
                0x00000e2a                __fp_cmp
 .text.avr-libc.fplib
                0x00000e72        0xc d:/microship_studio/7.0/toolchain/avr8/avr8-gnu-toolchain/bin/../lib/gcc/avr/5.4.0/../../../../avr/lib/avr5\libm.a(fp_inf.o)
                0x00000e72                __fp_inf
 .text.avr-libc.fplib
                0x00000e7e       0x36 d:/microship_studio/7.0/toolchain/avr8/avr8-gnu-toolchain/bin/../lib/gcc/avr/5.4.0/../../../../avr/lib/avr5\libm.a(fp_mintl.o)
                0x00000e7e                __fp_mintl
 .text.avr-libc.fplib
                0x00000eb4       0x1c d:/microship_studio/7.0/toolchain/avr8/avr8-gnu-toolchain/bin/../lib/gcc/avr/5.4.0/../../../../avr/lib/avr5\libm.a(fp_mpack.o)
                0x00000eb4                __fp_mpack
                0x00000eb8                __fp_mpack_finite
 .text.avr-libc.fplib
                0x00000ed0        0x6 d:/microship_studio/7.0/toolchain/avr8/avr8-gnu-toolchain/bin/../lib/gcc/avr/5.4.0/../../../../avr/lib/avr5\libm.a(fp_nan.o)
                0x00000ed0                __fp_nan
 .text.avr-libc.fplib
                0x00000ed6        0xe d:/microship_studio/7.0/toolchain/avr8/avr8-gnu-toolchain/bin/../lib/gcc/avr/5.4.0/../../../../avr/lib/avr5\libm.a(fp_pscA.o)
                0x00000ed6                __fp_pscA
 .text.avr-libc.fplib
                0x00000ee4        0xe d:/microship_studio/7.0/toolchain/avr8/avr8-gnu-toolchain/bin/../lib/gcc/avr/5.4.0/../../../../avr/lib/avr5\libm.a(fp_pscB.o)
                0x00000ee4                __fp_pscB
 .text.avr-libc.fplib
                0x00000ef2       0x22 d:/microship_studio/7.0/toolchain/avr8/avr8-gnu-toolchain/bin/../lib/gcc/avr/5.4.0/../../../../avr/lib/avr5\libm.a(fp_round.o)
                0x00000ef2                __fp_round
 .text.avr-libc.fplib
                0x00000f14       0x44 d:/microship_studio/7.0/toolchain/avr8/avr8-gnu-toolchain/bin/../lib/gcc/avr/5.4.0/../../../../avr/lib/avr5\libm.a(fp_split3.o)
                0x00000f14                __fp_split3
                0x00000f24                __fp_splitA
 .text.avr-libc.fplib
                0x00000f58       0x30 d:/microship_studio/7.0/toolchain/avr8/avr8-gnu-toolchain/bin/../lib/gcc/avr/5.4.0/../../../../avr/lib/avr5\libm.a(fp_trunc.o)
                0x00000f58                __fp_trunc
 .text.avr-libc.fplib
                0x00000f88        0xe d:/microship_studio/7.0/toolchain/avr8/avr8-gnu-toolchain/bin/../lib/gcc/avr/5.4.0/../../../../avr/lib/avr5\libm.a(fp_zero.o)
                0x00000f88                __fp_zero
                0x00000f8a                __fp_szero
 .text.avr-libc.fplib
                0x00000f96        0xa d:/microship_studio/7.0/toolchain/avr8/avr8-gnu-toolchain/bin/../lib/gcc/avr/5.4.0/../../../../avr/lib/avr5\libm.a(gesf2.o)
                0x00000f96                __gesf2
                0x00000f96                __gtsf2
 .text.avr-libc.fplib
                0x00000fa0        0x8 d:/microship_studio/7.0/toolchain/avr8/avr8-gnu-toolchain/bin/../lib/gcc/avr/5.4.0/../../../../avr/lib/avr5\libm.a(mulsf3.o)
                0x00000fa0                __mulsf3
 .text.avr-libc.fplib
                0x00000fa8       0xd2 d:/microship_studio/7.0/toolchain/avr8/avr8-gnu-toolchain/bin/../lib/gcc/avr/5.4.0/../../../../avr/lib/avr5\libm.a(mulsf3x.o)
                0x00000fc6                __mulsf3x
                0x00000fcc                __mulsf3_pse
                0x0000107a                . = ALIGN (0x2)
 *(.fini9)
 .fini9         0x0000107a        0x0 d:/microship_studio/7.0/toolchain/avr8/avr8-gnu-toolchain/bin/../lib/gcc/avr/5.4.0/avr5\libgcc.a(_exit.o)
                0x0000107a                _exit
                0x0000107a                exit
 *(.fini9)
 *(.fini8)
 *(.fini8)
 *(.fini7)
 *(.fini7)
 *(.fini6)
 *(.fini6)
 *(.fini5)
 *(.fini5)
 *(.fini4)
 *(.fini4)
 *(.fini3)
 *(.fini3)
 *(.fini2)
 *(.fini2)
 *(.fini1)
 *(.fini1)
 *(.fini0)
 .fini0         0x0000107a        0x4 d:/microship_studio/7.0/toolchain/avr8/avr8-gnu-toolchain/bin/../lib/gcc/avr/5.4.0/avr5\libgcc.a(_exit.o)
 *(.fini0)
                0x0000107e                _etext = .

.data           0x00800060       0x4e load address 0x0000107e
                0x00800060                PROVIDE (__data_start, .)
 *(.data)
 *(.data*)
 .data.success_string
                0x00800060        0xd Apllication/app.o
                0x00800060                success_string
 .data.wrong_string
                0x0080006d        0xb Apllication/app.o
                0x0080006d                wrong_string
 .data.reset_string
                0x00800078        0xf Apllication/app.o
                0x00800078                reset_string
 .data.access_string
                0x00800087        0xf Apllication/app.o
                0x00800087                access_string
 .data.enter_pass_string
                0x00800096        0xf Apllication/app.o
                0x00800096                enter_pass_string
 .data.welcome_string
                0x008000a5        0x8 Apllication/app.o
                0x008000a5                welcome_string
 *(.gnu.linkonce.d*)
 *(.rodata)
 *(.rodata*)
 *(.gnu.linkonce.r*)
                0x008000ae                . = ALIGN (0x2)
 *fill*         0x008000ad        0x1 
                0x008000ae                _edata = .
                0x008000ae                PROVIDE (__data_end, .)

.bss            0x008000ae       0x26
                0x008000ae                PROVIDE (__bss_start, .)
 *(.bss)
 *(.bss*)
 .bss.flush_buffer
                0x008000ae        0x1 MCAL/SPI/spi.o
                0x008000ae                flush_buffer
 *(COMMON)
 COMMON         0x008000af        0xf Apllication/app.o
                0x008000af                string_counter
                0x008000b0                x
                0x008000b1                ISR_State
                0x008000b2                second_number
                0x008000b3                fourth_number
                0x008000b4                button_2_state
                0x008000b5                password_correct
                0x008000b6                pass_string
                0x008000ba                new_pass
                0x008000bb                third_number
                0x008000bc                button_1_state
                0x008000bd                first_number
 COMMON         0x008000be        0x1 MCAL/KeyPad/keypad.o
                0x008000be                key
 COMMON         0x008000bf       0x15 MCAL/TIMER0/timer0.o
                0x008000bf                Number_of_overflows_needed
                0x008000c1                prescale_int_Value
                0x008000c5                Timer_Delay_max
                0x008000c9                Time_delay_
                0x008000cd                overflows_counter
                0x008000cf                Timer_initial_value
                0x008000d0                Timer_Tick
                0x008000d4                PROVIDE (__bss_end, .)
                0x0000107e                __data_load_start = LOADADDR (.data)
                0x000010cc                __data_load_end = (__data_load_start + SIZEOF (.data))

.noinit         0x008000d4        0x0
                [!provide]                PROVIDE (__noinit_start, .)
 *(.noinit*)
                [!provide]                PROVIDE (__noinit_end, .)
                0x008000d4                _end = .
                [!provide]                PROVIDE (__heap_start, .)

.eeprom         0x00810000        0x0
 *(.eeprom*)
                0x00810000                __eeprom_end = .

.fuse
 *(.fuse)
 *(.lfuse)
 *(.hfuse)
 *(.efuse)

.lock
 *(.lock*)

.signature
 *(.signature*)

.user_signatures
 *(.user_signatures*)

.stab
 *(.stab)

.stabstr
 *(.stabstr)

.stab.excl
 *(.stab.excl)

.stab.exclstr
 *(.stab.exclstr)

.stab.index
 *(.stab.index)

.stab.indexstr
 *(.stab.indexstr)

.comment        0x00000000       0x30
 *(.comment)
 .comment       0x00000000       0x30 Apllication/app.o
                                 0x31 (size before relaxing)
 .comment       0x00000030       0x31 main.o
 .comment       0x00000030       0x31 MCAL/DIO Driver/dio.o
 .comment       0x00000030       0x31 MCAL/EEPROM/eerpom.o
 .comment       0x00000030       0x31 MCAL/KeyPad/keypad.o
 .comment       0x00000030       0x31 MCAL/LCD/lcd.o
 .comment       0x00000030       0x31 MCAL/SPI/spi.o
 .comment       0x00000030       0x31 MCAL/TIMER0/timer0.o

.note.gnu.avr.deviceinfo
                0x00000000       0x3c
 .note.gnu.avr.deviceinfo
                0x00000000       0x3c D:/MicroShip_Studio/7.0/Packs/atmel/ATmega_DFP/1.7.374/gcc/dev/atmega32/avr5/crtatmega32.o

.note.gnu.build-id
 *(.note.gnu.build-id)

.debug
 *(.debug)

.line
 *(.line)

.debug_srcinfo
 *(.debug_srcinfo)

.debug_sfnames
 *(.debug_sfnames)

.debug_aranges  0x00000000      0x1c8
 *(.debug_aranges)
 .debug_aranges
                0x00000000       0x30 Apllication/app.o
 .debug_aranges
                0x00000030       0x30 main.o
 .debug_aranges
                0x00000060       0x38 MCAL/DIO Driver/dio.o
 .debug_aranges
                0x00000098       0x28 MCAL/EEPROM/eerpom.o
 .debug_aranges
                0x000000c0       0x30 MCAL/KeyPad/keypad.o
 .debug_aranges
                0x000000f0       0x58 MCAL/LCD/lcd.o
 .debug_aranges
                0x00000148       0x40 MCAL/SPI/spi.o
 .debug_aranges
                0x00000188       0x40 MCAL/TIMER0/timer0.o

.debug_pubnames
 *(.debug_pubnames)

.debug_info     0x00000000     0x1957
 *(.debug_info .gnu.linkonce.wi.*)
 .debug_info    0x00000000      0x4e6 D:/MicroShip_Studio/7.0/Packs/atmel/ATmega_DFP/1.7.374/gcc/dev/atmega32/avr5/crtatmega32.o
 .debug_info    0x000004e6      0x5e2 Apllication/app.o
 .debug_info    0x00000ac8      0x21f main.o
 .debug_info    0x00000ce7      0x14d MCAL/DIO Driver/dio.o
 .debug_info    0x00000e34       0xaf MCAL/EEPROM/eerpom.o
 .debug_info    0x00000ee3      0x1df MCAL/KeyPad/keypad.o
 .debug_info    0x000010c2      0x480 MCAL/LCD/lcd.o
 .debug_info    0x00001542      0x23d MCAL/SPI/spi.o
 .debug_info    0x0000177f      0x1d8 MCAL/TIMER0/timer0.o

.debug_abbrev   0x00000000      0xb0c
 *(.debug_abbrev)
 .debug_abbrev  0x00000000      0x4a3 D:/MicroShip_Studio/7.0/Packs/atmel/ATmega_DFP/1.7.374/gcc/dev/atmega32/avr5/crtatmega32.o
 .debug_abbrev  0x000004a3       0xfa Apllication/app.o
 .debug_abbrev  0x0000059d       0xe4 main.o
 .debug_abbrev  0x00000681       0x87 MCAL/DIO Driver/dio.o
 .debug_abbrev  0x00000708       0x80 MCAL/EEPROM/eerpom.o
 .debug_abbrev  0x00000788       0xf1 MCAL/KeyPad/keypad.o
 .debug_abbrev  0x00000879       0xd9 MCAL/LCD/lcd.o
 .debug_abbrev  0x00000952       0xea MCAL/SPI/spi.o
 .debug_abbrev  0x00000a3c       0xd0 MCAL/TIMER0/timer0.o

.debug_line     0x00000000     0x11e0
 *(.debug_line .debug_line.* .debug_line_end)
 .debug_line    0x00000000      0x116 D:/MicroShip_Studio/7.0/Packs/atmel/ATmega_DFP/1.7.374/gcc/dev/atmega32/avr5/crtatmega32.o
 .debug_line    0x00000116      0x325 Apllication/app.o
 .debug_line    0x0000043b      0x146 main.o
 .debug_line    0x00000581      0x1d3 MCAL/DIO Driver/dio.o
 .debug_line    0x00000754       0xc3 MCAL/EEPROM/eerpom.o
 .debug_line    0x00000817      0x356 MCAL/KeyPad/keypad.o
 .debug_line    0x00000b6d      0x2b5 MCAL/LCD/lcd.o
 .debug_line    0x00000e22      0x18c MCAL/SPI/spi.o
 .debug_line    0x00000fae      0x232 MCAL/TIMER0/timer0.o

.debug_frame    0x00000000      0x3d0
 *(.debug_frame)
 .debug_frame   0x00000000       0x50 Apllication/app.o
 .debug_frame   0x00000050       0xd4 main.o
 .debug_frame   0x00000124       0x54 MCAL/DIO Driver/dio.o
 .debug_frame   0x00000178       0x34 MCAL/EEPROM/eerpom.o
 .debug_frame   0x000001ac       0x44 MCAL/KeyPad/keypad.o
 .debug_frame   0x000001f0       0xc4 MCAL/LCD/lcd.o
 .debug_frame   0x000002b4       0x6c MCAL/SPI/spi.o
 .debug_frame   0x00000320       0xb0 MCAL/TIMER0/timer0.o

.debug_str      0x00000000      0x705
 *(.debug_str)
 .debug_str     0x00000000      0x196 D:/MicroShip_Studio/7.0/Packs/atmel/ATmega_DFP/1.7.374/gcc/dev/atmega32/avr5/crtatmega32.o
 .debug_str     0x00000196      0x2c3 Apllication/app.o
                                0x303 (size before relaxing)
 .debug_str     0x00000459       0x37 main.o
                                0x1ef (size before relaxing)
 .debug_str     0x00000490       0x58 MCAL/DIO Driver/dio.o
                                0x161 (size before relaxing)
 .debug_str     0x000004e8       0x32 MCAL/EEPROM/eerpom.o
                                0x145 (size before relaxing)
 .debug_str     0x0000051a       0x33 MCAL/KeyPad/keypad.o
                                0x18d (size before relaxing)
 .debug_str     0x0000054d       0x7b MCAL/LCD/lcd.o
                                0x1cf (size before relaxing)
 .debug_str     0x000005c8       0x5b MCAL/SPI/spi.o
                                0x188 (size before relaxing)
 .debug_str     0x00000623       0xe2 MCAL/TIMER0/timer0.o
                                0x1fc (size before relaxing)

.debug_loc      0x00000000      0x981
 *(.debug_loc)
 .debug_loc     0x00000000       0x2f Apllication/app.o
 .debug_loc     0x0000002f      0x196 main.o
 .debug_loc     0x000001c5      0x278 MCAL/DIO Driver/dio.o
 .debug_loc     0x0000043d       0x4c MCAL/EEPROM/eerpom.o
 .debug_loc     0x00000489      0x218 MCAL/LCD/lcd.o
 .debug_loc     0x000006a1       0x4e MCAL/SPI/spi.o
 .debug_loc     0x000006ef      0x292 MCAL/TIMER0/timer0.o

.debug_macinfo
 *(.debug_macinfo)

.debug_weaknames
 *(.debug_weaknames)

.debug_funcnames
 *(.debug_funcnames)

.debug_typenames
 *(.debug_typenames)

.debug_varnames
 *(.debug_varnames)

.debug_pubtypes
 *(.debug_pubtypes)

.debug_ranges   0x00000000      0x148
 *(.debug_ranges)
 .debug_ranges  0x00000000       0x20 Apllication/app.o
 .debug_ranges  0x00000020       0x20 main.o
 .debug_ranges  0x00000040       0x28 MCAL/DIO Driver/dio.o
 .debug_ranges  0x00000068       0x18 MCAL/EEPROM/eerpom.o
 .debug_ranges  0x00000080       0x20 MCAL/KeyPad/keypad.o
 .debug_ranges  0x000000a0       0x48 MCAL/LCD/lcd.o
 .debug_ranges  0x000000e8       0x30 MCAL/SPI/spi.o
 .debug_ranges  0x00000118       0x30 MCAL/TIMER0/timer0.o

.debug_macro
 *(.debug_macro)
OUTPUT(Smart_Home.elf elf32-avr)
LOAD linker stubs
